[mekosolapov@fedora ~]$ ls
 pandoc-2.19   –í–∏–¥–µ–æ       –ó–∞–≥—Ä—É–∑–∫–∏      –ú—É–∑—ã–∫–∞         '–†–∞–±–æ—á–∏–π —Å—Ç–æ–ª'
 work          –î–æ–∫—É–º–µ–Ω—Ç—ã   –ò–∑–æ–±—Ä–∞–∂–µ–Ω–∏—è   –û–±—â–µ–¥–æ—Å—Ç—É–ø–Ω—ã–µ   –®–∞–±–ª–æ–Ω—ã
[mekosolapov@fedora ~]$ cd work
[mekosolapov@fedora work]$ lf
bash: lf: –∫–æ–º–∞–Ω–¥–∞ –Ω–µ –Ω–∞–π–¥–µ–Ω–∞...
[mekosolapov@fedora work]$ ls
arch-pc  study
[mekosolapov@fedora work]$ cd artch-pc
bash: cd: artch-pc: –ù–µ—Ç —Ç–∞–∫–æ–≥–æ —Ñ–∞–π–ª–∞ –∏–ª–∏ –∫–∞—Ç–∞–ª–æ–≥–∞
[mekosolapov@fedora work]$ cd arch-pc
[mekosolapov@fedora arch-pc]$ ls
lab05  lab06  lab07
[mekosolapov@fedora arch-pc]$ cd lab07
[mekosolapov@fedora lab07]$ ls
in_out.asm  lab7-1  lab7-1.asm  lab7-1.o  lab7-2  lab7-2.asm  lab7-2.o
[mekosolapov@fedora lab07]$ ./lab7-2 &
[1] 3473
106[1]+  –ó–∞–≤–µ—Ä—à—ë–Ω        ./lab7-2
[mekosolapov@fedora lab07]$ gedit lab7-2.asm
[mekosolapov@fedora lab07]$ nasm -f elf lab7-1.asm
[mekosolapov@fedora lab07]$ ld -m elf_i386 -o lab7-2 lab7-2.o
[mekosolapov@fedora lab07]$ nasm -f elf lab7-2.asm
[mekosolapov@fedora lab07]$ ld -m elf_i386 -o lab7-2 lab7-2.o
[mekosolapov@fedora lab07]$ ./lab7-2
10
[mekosolapov@fedora lab07]$ gedit lab7-2.asm &
[1] 3638
[mekosolapov@fedora lab07]$ nasm -f elf lab7-2.asm
[mekosolapov@fedora lab07]$ ld -m elf_i386 -o lab7-2 lab7-2.o
[mekosolapov@fedora lab07]$ ./lab7-2
10[mekosolapov@fedora lab07]$ touch lab6-3.asm
[mekosolapov@fedora lab07]$ mv lab6-3.asm
mv: –ø–æ—Å–ª–µ 'lab6-3.asm' –ø—Ä–æ–ø—É—â–µ–Ω –æ–ø–µ—Ä–∞–Ω–¥, –∑–∞–¥–∞—é—â–∏–π —Ü–µ–ª–µ–≤–æ–π —Ñ–∞–π–ª
–ü–æ –∫–æ–º–∞–Ω–¥–µ ¬´mv --help¬ª –º–æ–∂–Ω–æ –ø–æ–ª—É—á–∏—Ç—å –¥–æ–ø–æ–ª–Ω–∏—Ç–µ–ª—å–Ω—É—é –∏–Ω—Ñ–æ—Ä–º–∞—Ü–∏—é.
[mekosolapov@fedora lab07]$ mv -f lab6-3.asm
mv: –ø–æ—Å–ª–µ 'lab6-3.asm' –ø—Ä–æ–ø—É—â–µ–Ω –æ–ø–µ—Ä–∞–Ω–¥, –∑–∞–¥–∞—é—â–∏–π —Ü–µ–ª–µ–≤–æ–π —Ñ–∞–π–ª
–ü–æ –∫–æ–º–∞–Ω–¥–µ ¬´mv --help¬ª –º–æ–∂–Ω–æ –ø–æ–ª—É—á–∏—Ç—å –¥–æ–ø–æ–ª–Ω–∏—Ç–µ–ª—å–Ω—É—é –∏–Ω—Ñ–æ—Ä–º–∞—Ü–∏—é.
[mekosolapov@fedora lab07]$ rm lab6-3.asm
[mekosolapov@fedora lab07]$ ls
in_out.asm  lab7-1  lab7-1.asm  lab7-1.o  lab7-2  lab7-2.asm  lab7-2.o
[mekosolapov@fedora lab07]$ touch lab7-3.asm
[mekosolapov@fedora lab07]$ gedit lab7-3.asm &
[2] 3831
[mekosolapov@fedora lab07]$ nasm -f elf lab7-3.asm
[2]+  –ó–∞–≤–µ—Ä—à—ë–Ω        gedit lab7-3.asm
[mekosolapov@fedora lab07]$ ld -m elf_i386 -o lab7-3 lab7-3.o
[mekosolapov@fedora lab07]$ ls
in_out.asm  lab7-1.asm  lab7-2      lab7-2.o  lab7-3.asm
lab7-1      lab7-1.o    lab7-2.asm  lab7-3    lab7-3.o
[mekosolapov@fedora lab07]$ ./lab7-3
–†–µ–∑—É–ª—å—Ç–∞—Ç4
–û—Å—Ç–∞—Ç–æ–∫ –æ—Ç –¥–µ–ª–µ–Ω–∏—è: 1
[mekosolapov@fedora lab07]$ nasm -f elf lab7-3.asm
[mekosolapov@fedora lab07]$ ld -m elf-i386 -o lab7-3 lab7-3.o
ld: –Ω–µ —Ä–∞—Å–ø–æ–∑–Ω–∞–Ω —Ä–µ–∂–∏–º —ç–º—É–ª—è—Ü–∏–∏: elf-i386
–ü–æ–¥–¥–µ—Ä–∂–∏–≤–∞–µ–º—ã–µ —ç–º—É–ª—è—Ü–∏–∏: elf_x86_64 elf32_x86_64 elf_i386 elf_iamcu elf_l1om elf_k1om i386pep i386pe elf64bpf
[mekosolapov@fedora lab07]$ ld -m elf_i386 -o lab7-3 lab7-3.o
[mekosolapov@fedora lab07]$ nasm -f elf lab7-3.asm
[mekosolapov@fedora lab07]$ ld -m elf_i386 -o lab7-3 lab7-3.o
[mekosolapov@fedora lab07]$ ./lab7-3
–†–µ–∑—É–ª—å—Ç–∞—Ç: 4
–û—Å—Ç–∞—Ç–æ–∫ –æ—Ç –¥–µ–ª–µ–Ω–∏—è: 1
[mekosolapov@fedora lab07]$ nasm -f elf lab7-3.asm
[mekosolapov@fedora lab07]$ ld -m elf_i386 -o lab7-3 lab7-3.o
[mekosolapov@fedora lab07]$ ./lab7-3
–†–µ–∑—É–ª—å—Ç–∞—Ç: 5
–û—Å—Ç–∞—Ç–æ–∫ –æ—Ç –¥–µ–ª–µ–Ω–∏—è: 1
[mekosolapov@fedora lab07]$ touch variant.asm
[mekosolapov@fedora lab07]$ gedit variant.asm
[mekosolapov@fedora lab07]$ nasm -f elf variant.asm
variant.asm:27: error: symbol `edc' not defined
[mekosolapov@fedora lab07]$ nasm -f elf variant.asm
[mekosolapov@fedora lab07]$ ld -m elf_i386 -o variant variant.o
[mekosolapov@fedora lab07]$ ./variant
: 
dfg
: 1
[mekosolapov@fedora lab07]$ ./variant
: 
^[[A^[[A
: 1
[mekosolapov@fedora lab07]$ nasm if elf variant.asm
if: fatal: more than one input file specified: elf

[mekosolapov@fedora lab07]$ nasm -f elf variant.asm
[mekosolapov@fedora lab07]$ ld -m elf_i386 -o variant variant.o
[mekosolapov@fedora lab07]$ ./variant
–í–≤–µ–¥–∏—Ç–µ ‚Ññ —Å—Ç—É–¥–µ–Ω—á–µ—Å–∫–æ–≥–æ –±–∏–ª–µ—Ç–∞: 
1132226485
–í–∞—à –≤–∞—Ä–∏–∞–Ω—Ç: 6
[mekosolapov@fedora lab07]$ ./variant
–í–≤–µ–¥–∏—Ç–µ ‚Ññ —Å—Ç—É–¥–µ–Ω—á–µ—Å–∫–æ–≥–æ –±–∏–ª–µ—Ç–∞: 
1132226485
–í–∞—à –≤–∞—Ä–∏–∞–Ω—Ç: 6
[mekosolapov@fedora lab07]$ touch myprog.asm
[1]+  –ó–∞–≤–µ—Ä—à—ë–Ω        gedit lab7-2.asm
[mekosolapov@fedora lab07]$ gedit myprog.asm
[mekosolapov@fedora lab07]$ rm myprog.asm
[mekosolapov@fedora lab07]$ touch myprogvar6.asm
[mekosolapov@fedora lab07]$ gedit myprogvar6.asm
^Z
[1]+  –û—Å—Ç–∞–Ω–æ–≤–ª–µ–Ω    gedit myprogvar6.asm
[mekosolapov@fedora lab07]$ gedit myprogvar6.asm &
[2] 5206
[1]   –£–±–∏—Ç–æ              gedit myprogvar6.asm
[mekosolapov@fedora lab07]$ nasm -f elf myprogvar6.asm
myprogvar6.asm:34: error: parser: instruction expected
[mekosolapov@fedora lab07]$ nasm -f elf myprogvar6.asm
myprogvar6.asm:31: error: parser: instruction expected
[mekosolapov@fedora lab07]$ nasm -f elf myprogvar6.asm
myprogvar6.asm:31: error: parser: instruction expected
[mekosolapov@fedora lab07]$ nasm -f elf myprogvar6.asm
myprogvar6.asm:33: error: parser: instruction expected
[mekosolapov@fedora lab07]$ nasm -f elf myprogvar6.asm
myprogvar6.asm:33: error: parser: instruction expected
[mekosolapov@fedora lab07]$ nasm -f elf myprogvar6.asm
myprogvar6.asm:43: error: parser: instruction expected
[mekosolapov@fedora lab07]$ nasm -f elf myprogvar6.asm
myprogvar6.asm:45: error: parser: instruction expected
[mekosolapov@fedora lab07]$ nasm -f elf myprogvar6.asm
myprogvar6.asm:20: error: symbol `sprintLF' not defined
myprogvar6.asm:25: error: symbol `sprintLF' not defined
myprogvar6.asm:31: error: symbol `sread' not defined
myprogvar6.asm:36: error: symbol `atoi' not defined
myprogvar6.asm:47: error: symbol `res' not defined
myprogvar6.asm:50: error: symbol `sprint' not defined
myprogvar6.asm:51: error: symbol `res' not defined
myprogvar6.asm:52: error: symbol `iprint' not defined
myprogvar6.asm:54: error: symbol `quit' not defined
[mekosolapov@fedora lab07]$ nasm -f elf myprogvar6.asm
myprogvar6.asm:48: error: symbol `res' not defined
myprogvar6.asm:52: error: symbol `res' not defined
[mekosolapov@fedora lab07]$ nasm -f elf myprogvar6.asm
[mekosolapov@fedora lab07]$ nasm -f elf myprogvar6.asm
[mekosolapov@fedora lab07]$ ld -m elf_i1386 -o myprogvar6 myprogvar6.o
ld: –Ω–µ —Ä–∞—Å–ø–æ–∑–Ω–∞–Ω —Ä–µ–∂–∏–º —ç–º—É–ª—è—Ü–∏–∏: elf_i1386
–ü–æ–¥–¥–µ—Ä–∂–∏–≤–∞–µ–º—ã–µ —ç–º—É–ª—è—Ü–∏–∏: elf_x86_64 elf32_x86_64 elf_i386 elf_iamcu elf_l1om elf_k1om i386pep i386pe elf64bpf
[mekosolapov@fedora lab07]$ ld -m elf_i386 -o myprogvar6 myprogvar6.o
ld: –ø—Ä–µ–¥—É–ø—Ä–µ–∂–¥–µ–Ω–∏–µ: –Ω–µ–≤–æ–∑–º–æ–∂–Ω–æ –Ω–∞–π—Ç–∏ —Å–∏–º–≤–æ–ª –≤—Ö–æ–¥–∞ _start; –∏—Å–ø–æ–ª—å–∑—É–µ–º –∑–Ω–∞—á–µ–Ω–∏–µ –ø–æ —É–º–æ–ª—á–∞–Ω–∏—é 0000000008049000
[mekosolapov@fedora lab07]$ ld -m elf_i386 -o myprogvar6 myprogvar6.o
ld: –ø—Ä–µ–¥—É–ø—Ä–µ–∂–¥–µ–Ω–∏–µ: –Ω–µ–≤–æ–∑–º–æ–∂–Ω–æ –Ω–∞–π—Ç–∏ —Å–∏–º–≤–æ–ª –≤—Ö–æ–¥–∞ _start; –∏—Å–ø–æ–ª—å–∑—É–µ–º –∑–Ω–∞—á–µ–Ω–∏–µ –ø–æ —É–º–æ–ª—á–∞–Ω–∏—é 0000000008049000
[mekosolapov@fedora lab07]$ nasm -f elf myprogvar6.asm
[mekosolapov@fedora lab07]$ ld -m elf_i386 -o myprogvar6 myprogvar6.o
[mekosolapov@fedora lab07]$ ./myprogvar6
f(x) = ùë•3/2 + 1
–í–≤–µ–¥–∏—Ç–µ –∑–Ω–∞—á–µ–Ω–∏–µ x: 
0
–û—Ç–≤–µ—Ç: 1[mekosolapov@fedora nasm -f elf myprogvar6.asmogvar6.o
[mekosolapov@fedora lab07]$ nasm -f elf myprogvar6.asm
[mekosolapov@fedora lab07]$ ld -m elf_i386 -o myprogvar6 myprogvar6.o
[mekosolapov@fedora lab07]$ ./myprogvar6
f(x) = ùë•3/2 + 1
–í–≤–µ–¥–∏—Ç–µ –∑–Ω–∞—á–µ–Ω–∏–µ x: 
2
–û—Ç–≤–µ—Ç: 4
[mekosolapov@fedora lab07]$ ./myprogvar6
f(x) = ùë•3/2 + 1
–í–≤–µ–¥–∏—Ç–µ –∑–Ω–∞—á–µ–Ω–∏–µ x: 
0
–û—Ç–≤–µ—Ç: 1
[mekosolapov@fedora lab07]$ ./myprogvar6
f(x) = ùë•3/2 + 1
–í–≤–µ–¥–∏—Ç–µ –∑–Ω–∞—á–µ–Ω–∏–µ x: 
10
–û—Ç–≤–µ—Ç: 16
[mekosolapov@fedora lab07]$ nasm -f elf myprogvar6.asm
[mekosolapov@fedora lab07]$ ld -m elf_i386 -o myprogvar6 myprogvar6.o
[mekosolapov@fedora lab07]$ ./myprogvar6
f(x) = ùë•3/2 + 1
–ö–æ—Å–æ–ª–∞–ø–æ–≤ –ú–∞—Ç–≤–µ–π
–ù–ú–ú–±–¥-01-22
–í–∞—Ä–∏–∞–Ω—Ç ‚Ññ6
f(x) = ùë•3/2 + 1
–í–≤–µ–¥–∏—Ç–µ –∑–Ω–∞—á–µ–Ω–∏–µ x: 
^[[A
–û—Ç–≤–µ—Ç: 1
[mekosolapov@fedora lab07]$ ./myprogvar6
f(x) = ùë•3/2 + 1
–ö–æ—Å–æ–ª–∞–ø–æ–≤ –ú–∞—Ç–≤–µ–π
–ù–ú–ú–±–¥-01-22
–í–∞—Ä–∏–∞–Ω—Ç ‚Ññ6
f(x) = ùë•3/2 + 1
–í–≤–µ–¥–∏—Ç–µ –∑–Ω–∞—á–µ–Ω–∏–µ x: 
^[[A^[[A
–û—Ç–≤–µ—Ç: 1
[mekosolapov@fedora lab07]$ nasm -f elf myprogvar6.asm
[mekosolapov@fedora lab07]$ ld -m elf_i386 -o myprogvar6 myprogvar6.o
[mekosolapov@fedora lab07]$ ./myprogvar6
–ö–æ—Å–æ–ª–∞–ø–æ–≤ –ú–∞—Ç–≤–µ–π
–ù–ú–ú–±–¥-01-22
–í–∞—Ä–∏–∞–Ω—Ç ‚Ññ6
f(x) = ùë•3/2 + 1
–í–≤–µ–¥–∏—Ç–µ –∑–Ω–∞—á–µ–Ω–∏–µ x: 
1
–û—Ç–≤–µ—Ç: 2
[mekosolapov@fedora lab07]$ nasm -f elf myprogvar6.asm
[mekosolapov@fedora lab07]$ ld -m elf_i386 -o myprogvar6 myprogvar6.o
[mekosolapov@fedora lab07]$ ./myprogvar6
–ö–æ—Å–æ–ª–∞–ø–æ–≤ –ú–∞—Ç–≤–µ–π
–ù–ú–ú–±–¥-01-22
–í–∞—Ä–∏–∞–Ω—Ç ‚Ññ6
f(x) = ùë•^3/2 + 1
–í–≤–µ–¥–∏—Ç–µ –∑–Ω–∞—á–µ–Ω–∏–µ x: 
3
–û—Ç–≤–µ—Ç: 5
[mekosolapov@fedora lab07]$ ./myprogvar6
–ö–æ—Å–æ–ª–∞–ø–æ–≤ –ú–∞—Ç–≤–µ–π
–ù–ú–ú–±–¥-01-22
–í–∞—Ä–∏–∞–Ω—Ç ‚Ññ6
f(x) = ùë•^3/2 + 1
–í–≤–µ–¥–∏—Ç–µ –∑–Ω–∞—á–µ–Ω–∏–µ x: 
^[[A^[[A
–û—Ç–≤–µ—Ç: 1
[mekosolapov@fedora lab07]$ nasm -f elf myprogvar6.asm
[mekosolapov@fedora lab07]$ ld -m elf_i386 -o myprogvar6 myprogvar6.o
[mekosolapov@fedora lab07]$ ./myprogvar6
–ö–æ—Å–æ–ª–∞–ø–æ–≤ –ú–∞—Ç–≤–µ–π
–ù–ú–ú–±–¥-01-22
–í–∞—Ä–∏–∞–Ω—Ç ‚Ññ6
f(x) = ùë•^3/2 + 1
–í–≤–µ–¥–∏—Ç–µ –∑–Ω–∞—á–µ–Ω–∏–µ x: 
2
–û—Ç–≤–µ—Ç: 28
[mekosolapov@fedora lab07]$ nasm -f elf myprogvar6.asm
[mekosolapov@fedora lab07]$ ld -m elf_i386 -o myprogvar6 myprogvar6.o
[mekosolapov@fedora lab07]$ ./myprogvar6
–ö–æ—Å–æ–ª–∞–ø–æ–≤ –ú–∞—Ç–≤–µ–π
–ù–ú–ú–±–¥-01-22
–í–∞—Ä–∏–∞–Ω—Ç ‚Ññ6
f(x) = ùë•^3/2 + 1
–í–≤–µ–¥–∏—Ç–µ –∑–Ω–∞—á–µ–Ω–∏–µ x: 
2
–ò—Å–∫–ª—é—á–µ–Ω–∏–µ –≤ –æ–ø–µ—Ä–∞—Ü–∏–∏ —Å –ø–ª–∞–≤–∞—é—â–µ–π —Ç–æ—á–∫–æ–π (—Å—Ç–µ–∫ –ø–∞–º—è—Ç–∏ —Å–±—Ä–æ—à–µ–Ω –Ω–∞ –¥–∏—Å–∫)
[mekosolapov@fedora lab07]$ ./myprogvar6
–ö–æ—Å–æ–ª–∞–ø–æ–≤ –ú–∞—Ç–≤–µ–π
–ù–ú–ú–±–¥-01-22
–í–∞—Ä–∏–∞–Ω—Ç ‚Ññ6
f(x) = ùë•^3/2 + 1
–í–≤–µ–¥–∏—Ç–µ –∑–Ω–∞—á–µ–Ω–∏–µ x: 
^[[A
–û—Ç–≤–µ—Ç: 1
[mekosolapov@fedora lab07]$ nasm -f elf myprogvar6.asm
[mekosolapov@fedora lab07]$ ld -m elf_i386 -o myprogvar6 myprogvar6.o
[mekosolapov@fedora lab07]$ ./myprogvar6
–ö–æ—Å–æ–ª–∞–ø–æ–≤ –ú–∞—Ç–≤–µ–π
–ù–ú–ú–±–¥-01-22
–í–∞—Ä–∏–∞–Ω—Ç ‚Ññ6
f(x) = ùë•^3/2 + 1
–í–≤–µ–¥–∏—Ç–µ –∑–Ω–∞—á–µ–Ω–∏–µ x: 
2
–û—Ç–≤–µ—Ç: 9
[mekosolapov@fedora lab07]$ nasm -f elf myprogvar6.asm
[mekosolapov@fedora lab07]$ ld -m elf_i386 -o myprogvar6 myprogvar6.o
[mekosolapov@fedora lab07]$ ./myprogvar6
–ö–æ—Å–æ–ª–∞–ø–æ–≤ –ú–∞—Ç–≤–µ–π
–ù–ú–ú–±–¥-01-22
–í–∞—Ä–∏–∞–Ω—Ç ‚Ññ6
f(x) = ùë•^3/2 + 1
–í–≤–µ–¥–∏—Ç–µ –∑–Ω–∞—á–µ–Ω–∏–µ x: 
2
2
–û—Ç–≤–µ—Ç: 9
[mekosolapov@fedora lab07]$ ./myprogvar6
–ö–æ—Å–æ–ª–∞–ø–æ–≤ –ú–∞—Ç–≤–µ–π
–ù–ú–ú–±–¥-01-22
–í–∞—Ä–∏–∞–Ω—Ç ‚Ññ6
f(x) = ùë•^3/2 + 1
–í–≤–µ–¥–∏—Ç–µ –∑–Ω–∞—á–µ–Ω–∏–µ x: 
^[[A
0
–û—Ç–≤–µ—Ç: 1
[mekosolapov@fedora lab07]$ nasm -f elf myprogvar6.asm
[mekosolapov@fedora lab07]$ ld -m elf_i386 -o myprogvar6 myprogvar6.o
[mekosolapov@fedora lab07]$ ./myprogvar6
–ö–æ—Å–æ–ª–∞–ø–æ–≤ –ú–∞—Ç–≤–µ–π
–ù–ú–ú–±–¥-01-22
–í–∞—Ä–∏–∞–Ω—Ç ‚Ññ6
f(x) = ùë•^3/2 + 1
–í–≤–µ–¥–∏—Ç–µ –∑–Ω–∞—á–µ–Ω–∏–µ x: 
2
4–û—Ç–≤–µ—Ç: 9
[mekosolapov@fedora lab07]$ nasm -f elf myprogvar6.asm
[mekosolapov@fedora lab07]$ ld -m elf_i386 -o myprogvar6 myprogvar6.o
[mekosolapov@fedora lab07]$ ./myprogvar6
–ö–æ—Å–æ–ª–∞–ø–æ–≤ –ú–∞—Ç–≤–µ–π
–ù–ú–ú–±–¥-01-22
–í–∞—Ä–∏–∞–Ω—Ç ‚Ññ6
f(x) = ùë•^3/2 + 1
–í–≤–µ–¥–∏—Ç–µ –∑–Ω–∞—á–µ–Ω–∏–µ x: 
2
–û—Ç–≤–µ—Ç: 5
[mekosolapov@fedora lab07]$ ./myprogvar6
–ö–æ—Å–æ–ª–∞–ø–æ–≤ –ú–∞—Ç–≤–µ–π
–ù–ú–ú–±–¥-01-22
–í–∞—Ä–∏–∞–Ω—Ç ‚Ññ6
f(x) = ùë•^3/2 + 1
–í–≤–µ–¥–∏—Ç–µ –∑–Ω–∞—á–µ–Ω–∏–µ x: 
3
–û—Ç–≤–µ—Ç: 14
[mekosolapov@fedora lab07]$ nasm -f elf myprogvar6.asm
myprogvar6.asm:58: error: parser: instruction expected
[mekosolapov@fedora lab07]$ nasm -f elf myprogvar6.asm
myprogvar6.asm:58: error: parser: instruction expected
[mekosolapov@fedora lab07]$ nasm -f elf myprogvar6.asm
[mekosolapov@fedora lab07]$ ld -m elf_i386 -o myprogvar6 myprogvar6.o
[mekosolapov@fedora lab07]$ ./myprogvar6
–ö–æ—Å–æ–ª–∞–ø–æ–≤ –ú–∞—Ç–≤–µ–π
–ù–ú–ú–±–¥-01-22
–í–∞—Ä–∏–∞–Ω—Ç ‚Ññ6
f(x) = ùë•^3/2 + 1
–í–≤–µ–¥–∏—Ç–µ –∑–Ω–∞—á–µ–Ω–∏–µ x: 
2
–û—Ç–≤–µ—Ç: 5
[mekosolapov@fedora lab07]$ ./myprogvar6
–ö–æ—Å–æ–ª–∞–ø–æ–≤ –ú–∞—Ç–≤–µ–π
–ù–ú–ú–±–¥-01-22
–í–∞—Ä–∏–∞–Ω—Ç ‚Ññ6
f(x) = ùë•^3/2 + 1
–í–≤–µ–¥–∏—Ç–µ –∑–Ω–∞—á–µ–Ω–∏–µ x: 
3
–û—Ç–≤–µ—Ç: 14
[mekosolapov@fedora lab07]$ nasm -f elf myprogvar6.asm
[mekosolapov@fedora lab07]$ ld -m elf_i386 -o myprogvar6 myprogvar6.o
[mekosolapov@fedora lab07]$ ./myprogvar6
–ö–æ—Å–æ–ª–∞–ø–æ–≤ –ú–∞—Ç–≤–µ–π
–ù–ú–ú–±–¥-01-22
–í–∞—Ä–∏–∞–Ω—Ç ‚Ññ6
f(x) = ùë•^3/2 + 1
–í–≤–µ–¥–∏—Ç–µ –∑–Ω–∞—á–µ–Ω–∏–µ x: 
2
–û—Ç–≤–µ—Ç: 5
[mekosolapov@fedora lab07]$ ./myprogvar6
–ö–æ—Å–æ–ª–∞–ø–æ–≤ –ú–∞—Ç–≤–µ–π
–ù–ú–ú–±–¥-01-22
–í–∞—Ä–∏–∞–Ω—Ç ‚Ññ6
f(x) = ùë•^3/2 + 1
–í–≤–µ–¥–∏—Ç–µ –∑–Ω–∞—á–µ–Ω–∏–µ x: 
3
–û—Ç–≤–µ—Ç: 15
[mekosolapov@fedora lab07]$ ./myprogvar6
–ö–æ—Å–æ–ª–∞–ø–æ–≤ –ú–∞—Ç–≤–µ–π
–ù–ú–ú–±–¥-01-22
–í–∞—Ä–∏–∞–Ω—Ç ‚Ññ6
f(x) = ùë•^3/2 + 1
–í–≤–µ–¥–∏—Ç–µ –∑–Ω–∞—á–µ–Ω–∏–µ x: 
4
–û—Ç–≤–µ—Ç: 33
[mekosolapov@fedora lab07]$ ./myprogvar6
–ö–æ—Å–æ–ª–∞–ø–æ–≤ –ú–∞—Ç–≤–µ–π
–ù–ú–ú–±–¥-01-22
–í–∞—Ä–∏–∞–Ω—Ç ‚Ññ6
f(x) = ùë•^3/2 + 1
–í–≤–µ–¥–∏—Ç–µ –∑–Ω–∞—á–µ–Ω–∏–µ x: 
2
–û—Ç–≤–µ—Ç: 5
[mekosolapov@fedora lab07]$ ./myprogvar6
–ö–æ—Å–æ–ª–∞–ø–æ–≤ –ú–∞—Ç–≤–µ–π
–ù–ú–ú–±–¥-01-22
–í–∞—Ä–∏–∞–Ω—Ç ‚Ññ6
f(x) = ùë•^3/2 + 1
–í–≤–µ–¥–∏—Ç–µ –∑–Ω–∞—á–µ–Ω–∏–µ x: 
1
–û—Ç–≤–µ—Ç: 2
[mekosolapov@fedora lab07]$ ./myprogvar6
–ö–æ—Å–æ–ª–∞–ø–æ–≤ –ú–∞—Ç–≤–µ–π
–ù–ú–ú–±–¥-01-22
–í–∞—Ä–∏–∞–Ω—Ç ‚Ññ6
f(x) = ùë•^3/2 + 1
–í–≤–µ–¥–∏—Ç–µ –∑–Ω–∞—á–µ–Ω–∏–µ x: 
0
–û—Ç–≤–µ—Ç: 1
[mekosolapov@fedora lab07]$ ./myprogvar6
–ö–æ—Å–æ–ª–∞–ø–æ–≤ –ú–∞—Ç–≤–µ–π
–ù–ú–ú–±–¥-01-22
–í–∞—Ä–∏–∞–Ω—Ç ‚Ññ6
f(x) = ùë•^3/2 + 1
–í–≤–µ–¥–∏—Ç–µ –∑–Ω–∞—á–µ–Ω–∏–µ x: 
2
–û—Ç–≤–µ—Ç: 5
[mekosolapov@fedora lab07]$ ./myprogvar6
–ö–æ—Å–æ–ª–∞–ø–æ–≤ –ú–∞—Ç–≤–µ–π
–ù–ú–ú–±–¥-01-22
–í–∞—Ä–∏–∞–Ω—Ç ‚Ññ6
f(x) = ùë•^3/2 + 1
–í–≤–µ–¥–∏—Ç–µ –∑–Ω–∞—á–µ–Ω–∏–µ x: 
10
–û—Ç–≤–µ—Ç: 501
[mekosolapov@fedora lab07]$ ./myprogvar
bash: ./myprogvar: –ù–µ—Ç —Ç–∞–∫–æ–≥–æ —Ñ–∞–π–ª–∞ –∏–ª–∏ –∫–∞—Ç–∞–ª–æ–≥–∞
[mekosolapov@fedora lab07]$ ./myprogvar6
–ö–æ—Å–æ–ª–∞–ø–æ–≤ –ú–∞—Ç–≤–µ–π
–ù–ú–ú–±–¥-01-22
–í–∞—Ä–∏–∞–Ω—Ç ‚Ññ6
f(x) = ùë•^3/2 + 1
–í–≤–µ–¥–∏—Ç–µ –∑–Ω–∞—á–µ–Ω–∏–µ x: 
3       
–û—Ç–≤–µ—Ç: 15
[mekosolapov@fedora lab07]$ nasm -f elf myprogvar6.asm
[mekosolapov@fedora lab07]$ ld -m elf_i386 -o myprogvar6 myprogvar6.o
[mekosolapov@fedora lab07]$ ./myprogvar6
–ö–æ—Å–æ–ª–∞–ø–æ–≤ –ú–∞—Ç–≤–µ–π
–ù–ú–ú–±–¥-01-22
–í–∞—Ä–∏–∞–Ω—Ç ‚Ññ6
f(x) = ùë•^3/2 + 1
–í–≤–µ–¥–∏—Ç–µ –∑–Ω–∞—á–µ–Ω–∏–µ x: 
3
–û—Ç–≤–µ—Ç: 14
–û—Å—Ç–∞—Ç–æ–∫: 
–û—à–∏–±–∫–∞ —Å–µ–≥–º–µ–Ω—Ç–∏—Ä–æ–≤–∞–Ω–∏—è (—Å—Ç–µ–∫ –ø–∞–º—è—Ç–∏ —Å–±—Ä–æ—à–µ–Ω –Ω–∞ –¥–∏—Å–∫)
[mekosolapov@fedora lab07]$ nasm -f elf myprogvar6.asm
[mekosolapov@fedora lab07]$ ld -m elf_i386 -o myprogvar6 myprogvar6.o
[mekosolapov@fedora lab07]$ ./myprogvar6
–ö–æ—Å–æ–ª–∞–ø–æ–≤ –ú–∞—Ç–≤–µ–π
–ù–ú–ú–±–¥-01-22
–í–∞—Ä–∏–∞–Ω—Ç ‚Ññ6
f(x) = ùë•^3/2 + 1
–í–≤–µ–¥–∏—Ç–µ –∑–Ω–∞—á–µ–Ω–∏–µ x: 
3
–û—Ç–≤–µ—Ç: 14
–û—Å—Ç–∞—Ç–æ–∫: 
1
[mekosolapov@fedora lab07]$ 
